[INFO] Scanning for projects...
[INFO] 
[INFO] --------------------------< org.program:Pair >--------------------------
[INFO] Building Pair 0.0.1-SNAPSHOT
[INFO]   from pom.xml
[INFO] --------------------------------[ jar ]---------------------------------
[INFO] 
[INFO] >>> spring-boot:4.1.0:run (default-cli) > test-compile @ Pair >>>
[INFO] 
[INFO] --- resources:3.5.0:resources (default-resources) @ Pair ---
[INFO] Copying 1 resource from src\main\resources to target\classes
[INFO] Copying 15 resources from src\main\resources to target\classes
[INFO] 
[INFO] --- compiler:3.15.0:compile (default-compile) @ Pair ---
[INFO] Nothing to compile - all classes are up to date.
[INFO] 
[INFO] --- resources:3.5.0:testResources (default-testResources) @ Pair ---
[INFO] skip non existing resourceDirectory C:\Users\paric\Downloads\core-spring-labfiles\core-spring-labfiles\Pair\src\test\resources
[INFO] 
[INFO] --- compiler:3.15.0:testCompile (default-testCompile) @ Pair ---
[INFO] Nothing to compile - all classes are up to date.
[INFO] 
[INFO] <<< spring-boot:4.1.0:run (default-cli) < test-compile @ Pair <<<
[INFO] 
[INFO] 
[INFO] --- spring-boot:4.1.0:run (default-cli) @ Pair ---
[INFO] Attaching agents: []

  .   ____          _            __ _ _
 /\\ / ___'_ __ _ _(_)_ __  __ _ \ \ \ \
( ( )\___ | '_ | '_| | '_ \/ _` | \ \ \ \
 \\/  ___)| |_)| | | | | || (_| |  ) ) ) )
  '  |____| .__|_| |_|_| |_\__, | / / / /
 =========|_|==============|___/=/_/_/_/

 :: Spring Boot ::                (v4.1.0)

2026-06-22T21:59:05.789+02:00  INFO 5360 --- [Pair] [  restartedMain] org.program.pair.PairApplication         : Starting PairApplication using Java 21.0.1 with PID 5360 (C:\Users\paric\Downloads\core-spring-labfiles\core-spring-labfiles\Pair\target\classes started by paric in C:\Users\paric\Downloads\core-spring-labfiles\core-spring-labfiles\Pair)
2026-06-22T21:59:05.794+02:00  INFO 5360 --- [Pair] [  restartedMain] org.program.pair.PairApplication         : No active profile set, falling back to 1 default profile: "default"
2026-06-22T21:59:05.879+02:00  INFO 5360 --- [Pair] [  restartedMain] .e.DevToolsPropertyDefaultsPostProcessor : Devtools property defaults active! Set 'spring.devtools.add-properties' to 'false' to disable
2026-06-22T21:59:05.879+02:00  INFO 5360 --- [Pair] [  restartedMain] .e.DevToolsPropertyDefaultsPostProcessor : For additional web related logging consider setting the 'logging.level.web' property to 'DEBUG'
2026-06-22T21:59:06.847+02:00  INFO 5360 --- [Pair] [  restartedMain] .s.d.r.c.RepositoryConfigurationDelegate : Bootstrapping Spring Data JPA repositories in DEFAULT mode.
2026-06-22T21:59:07.000+02:00  INFO 5360 --- [Pair] [  restartedMain] .s.d.r.c.RepositoryConfigurationDelegate : Finished Spring Data repository scanning in 141 ms. Found 19 JPA repository interfaces.
2026-06-22T21:59:08.321+02:00  INFO 5360 --- [Pair] [  restartedMain] o.s.boot.tomcat.TomcatWebServer          : Tomcat initialized with port 8090 (http)
2026-06-22T21:59:08.341+02:00  INFO 5360 --- [Pair] [  restartedMain] o.apache.catalina.core.StandardService   : Starting service [Tomcat]
2026-06-22T21:59:08.341+02:00  INFO 5360 --- [Pair] [  restartedMain] o.apache.catalina.core.StandardEngine    : Starting Servlet engine: [Apache Tomcat/11.0.22]
2026-06-22T21:59:08.408+02:00  INFO 5360 --- [Pair] [  restartedMain] b.w.c.s.WebApplicationContextInitializer : Root WebApplicationContext: initialization completed in 2525 ms
2026-06-22T21:59:08.649+02:00  INFO 5360 --- [Pair] [  restartedMain] org.hibernate.orm.jpa                    : HHH008540: Processing PersistenceUnitInfo [name: default]
2026-06-22T21:59:08.736+02:00  INFO 5360 --- [Pair] [  restartedMain] org.hibernate.orm.core                   : HHH000001: Hibernate ORM core version 7.4.1.Final
2026-06-22T21:59:08.751+02:00  INFO 5360 --- [Pair] [  restartedMain] o.h.spatial.integration.SpatialService   : HHH80000001: Hibernate Spatial integration enabled: true
2026-06-22T21:59:09.200+02:00  INFO 5360 --- [Pair] [  restartedMain] com.zaxxer.hikari.HikariDataSource       : HikariPool-1 - Starting...
2026-06-22T21:59:09.424+02:00  INFO 5360 --- [Pair] [  restartedMain] com.zaxxer.hikari.pool.HikariPool        : HikariPool-1 - Added connection org.postgresql.jdbc.PgConnection@5c14a6c8
2026-06-22T21:59:09.426+02:00  INFO 5360 --- [Pair] [  restartedMain] com.zaxxer.hikari.HikariDataSource       : HikariPool-1 - Start completed.
2026-06-22T21:59:09.474+02:00  WARN 5360 --- [Pair] [  restartedMain] org.hibernate.orm.deprecation            : HHH90000025: PostgreSQLDialect does not need to be specified explicitly using 'hibernate.dialect' (remove the property setting and it will be selected by default)
2026-06-22T21:59:09.509+02:00  INFO 5360 --- [Pair] [  restartedMain] org.hibernate.orm.connections.pooling    : HHH10001005: Database info:
	Database JDBC URL [jdbc:postgresql://localhost:5432/pair_db]
	Database driver: PostgreSQL JDBC Driver
	Database dialect: PostgreSQLDialect
	Database version: 18.4
	Default catalog/schema: pair_db/public
	Autocommit mode: undefined/unknown
	Isolation level: READ_COMMITTED [default READ_COMMITTED]
	JDBC fetch size: none
	Pool: DataSourceConnectionProvider
	Minimum pool size: undefined/unknown
	Maximum pool size: undefined/unknown
2026-06-22T21:59:09.859+02:00  INFO 5360 --- [Pair] [  restartedMain] o.s.o.j.p.SpringPersistenceUnitInfo      : No LoadTimeWeaver setup: ignoring JPA class transformer
2026-06-22T21:59:09.935+02:00  INFO 5360 --- [Pair] [  restartedMain] org.hibernate.orm.incubating             : HHH90006001: Setting 'hibernate.type.preferred_instant_jdbc_type' is still incubating (see Javadoc of corresponding member of 'org.hibernate.cfg.AvailableSettings')
2026-06-22T21:59:10.516+02:00  INFO 5360 --- [Pair] [  restartedMain] org.hibernate.orm.incubating             : HHH90006001: Setting 'hibernate.type.preferred_instant_jdbc_type' is still incubating (see Javadoc of corresponding member of 'org.hibernate.cfg.AvailableSettings')
2026-06-22T21:59:10.527+02:00  INFO 5360 --- [Pair] [  restartedMain] org.hibernate.orm.incubating             : HHH90006001: Setting 'hibernate.type.preferred_instant_jdbc_type' is still incubating (see Javadoc of corresponding member of 'org.hibernate.cfg.AvailableSettings')
2026-06-22T21:59:10.532+02:00  INFO 5360 --- [Pair] [  restartedMain] org.hibernate.orm.incubating             : HHH90006001: Setting 'hibernate.type.preferred_instant_jdbc_type' is still incubating (see Javadoc of corresponding member of 'org.hibernate.cfg.AvailableSettings')
2026-06-22T21:59:10.532+02:00  INFO 5360 --- [Pair] [  restartedMain] org.hibernate.orm.incubating             : HHH90006001: Setting 'hibernate.type.preferred_instant_jdbc_type' is still incubating (see Javadoc of corresponding member of 'org.hibernate.cfg.AvailableSettings')
2026-06-22T21:59:10.533+02:00  INFO 5360 --- [Pair] [  restartedMain] org.hibernate.orm.incubating             : HHH90006001: Setting 'hibernate.type.preferred_instant_jdbc_type' is still incubating (see Javadoc of corresponding member of 'org.hibernate.cfg.AvailableSettings')
2026-06-22T21:59:10.533+02:00  INFO 5360 --- [Pair] [  restartedMain] org.hibernate.orm.incubating             : HHH90006001: Setting 'hibernate.type.preferred_instant_jdbc_type' is still incubating (see Javadoc of corresponding member of 'org.hibernate.cfg.AvailableSettings')
2026-06-22T21:59:10.533+02:00  INFO 5360 --- [Pair] [  restartedMain] org.hibernate.orm.incubating             : HHH90006001: Setting 'hibernate.type.preferred_instant_jdbc_type' is still incubating (see Javadoc of corresponding member of 'org.hibernate.cfg.AvailableSettings')
2026-06-22T21:59:10.534+02:00  INFO 5360 --- [Pair] [  restartedMain] org.hibernate.orm.incubating             : HHH90006001: Setting 'hibernate.type.preferred_instant_jdbc_type' is still incubating (see Javadoc of corresponding member of 'org.hibernate.cfg.AvailableSettings')
2026-06-22T21:59:10.535+02:00  INFO 5360 --- [Pair] [  restartedMain] org.hibernate.orm.incubating             : HHH90006001: Setting 'hibernate.type.preferred_instant_jdbc_type' is still incubating (see Javadoc of corresponding member of 'org.hibernate.cfg.AvailableSettings')
2026-06-22T21:59:10.535+02:00  INFO 5360 --- [Pair] [  restartedMain] org.hibernate.orm.incubating             : HHH90006001: Setting 'hibernate.type.preferred_instant_jdbc_type' is still incubating (see Javadoc of corresponding member of 'org.hibernate.cfg.AvailableSettings')
2026-06-22T21:59:10.536+02:00  INFO 5360 --- [Pair] [  restartedMain] org.hibernate.orm.incubating             : HHH90006001: Setting 'hibernate.type.preferred_instant_jdbc_type' is still incubating (see Javadoc of corresponding member of 'org.hibernate.cfg.AvailableSettings')
2026-06-22T21:59:10.536+02:00  INFO 5360 --- [Pair] [  restartedMain] org.hibernate.orm.incubating             : HHH90006001: Setting 'hibernate.type.preferred_instant_jdbc_type' is still incubating (see Javadoc of corresponding member of 'org.hibernate.cfg.AvailableSettings')
2026-06-22T21:59:10.538+02:00  INFO 5360 --- [Pair] [  restartedMain] org.hibernate.orm.incubating             : HHH90006001: Setting 'hibernate.type.preferred_instant_jdbc_type' is still incubating (see Javadoc of corresponding member of 'org.hibernate.cfg.AvailableSettings')
2026-06-22T21:59:10.538+02:00  INFO 5360 --- [Pair] [  restartedMain] org.hibernate.orm.incubating             : HHH90006001: Setting 'hibernate.type.preferred_instant_jdbc_type' is still incubating (see Javadoc of corresponding member of 'org.hibernate.cfg.AvailableSettings')
2026-06-22T21:59:10.541+02:00  INFO 5360 --- [Pair] [  restartedMain] org.hibernate.orm.incubating             : HHH90006001: Setting 'hibernate.type.preferred_instant_jdbc_type' is still incubating (see Javadoc of corresponding member of 'org.hibernate.cfg.AvailableSettings')
2026-06-22T21:59:10.542+02:00  INFO 5360 --- [Pair] [  restartedMain] org.hibernate.orm.incubating             : HHH90006001: Setting 'hibernate.type.preferred_instant_jdbc_type' is still incubating (see Javadoc of corresponding member of 'org.hibernate.cfg.AvailableSettings')
2026-06-22T21:59:10.545+02:00  INFO 5360 --- [Pair] [  restartedMain] org.hibernate.orm.incubating             : HHH90006001: Setting 'hibernate.type.preferred_instant_jdbc_type' is still incubating (see Javadoc of corresponding member of 'org.hibernate.cfg.AvailableSettings')
2026-06-22T21:59:10.545+02:00  INFO 5360 --- [Pair] [  restartedMain] org.hibernate.orm.incubating             : HHH90006001: Setting 'hibernate.type.preferred_instant_jdbc_type' is still incubating (see Javadoc of corresponding member of 'org.hibernate.cfg.AvailableSettings')
2026-06-22T21:59:10.546+02:00  INFO 5360 --- [Pair] [  restartedMain] org.hibernate.orm.incubating             : HHH90006001: Setting 'hibernate.type.preferred_instant_jdbc_type' is still incubating (see Javadoc of corresponding member of 'org.hibernate.cfg.AvailableSettings')
2026-06-22T21:59:10.546+02:00  INFO 5360 --- [Pair] [  restartedMain] org.hibernate.orm.incubating             : HHH90006001: Setting 'hibernate.type.preferred_instant_jdbc_type' is still incubating (see Javadoc of corresponding member of 'org.hibernate.cfg.AvailableSettings')
2026-06-22T21:59:10.546+02:00  INFO 5360 --- [Pair] [  restartedMain] org.hibernate.orm.incubating             : HHH90006001: Setting 'hibernate.type.preferred_instant_jdbc_type' is still incubating (see Javadoc of corresponding member of 'org.hibernate.cfg.AvailableSettings')
2026-06-22T21:59:10.549+02:00  INFO 5360 --- [Pair] [  restartedMain] org.hibernate.orm.incubating             : HHH90006001: Setting 'hibernate.type.preferred_instant_jdbc_type' is still incubating (see Javadoc of corresponding member of 'org.hibernate.cfg.AvailableSettings')
2026-06-22T21:59:10.549+02:00  INFO 5360 --- [Pair] [  restartedMain] org.hibernate.orm.incubating             : HHH90006001: Setting 'hibernate.type.preferred_instant_jdbc_type' is still incubating (see Javadoc of corresponding member of 'org.hibernate.cfg.AvailableSettings')
2026-06-22T21:59:10.550+02:00  INFO 5360 --- [Pair] [  restartedMain] org.hibernate.orm.incubating             : HHH90006001: Setting 'hibernate.type.preferred_instant_jdbc_type' is still incubating (see Javadoc of corresponding member of 'org.hibernate.cfg.AvailableSettings')
2026-06-22T21:59:10.552+02:00  INFO 5360 --- [Pair] [  restartedMain] org.hibernate.orm.incubating             : HHH90006001: Setting 'hibernate.type.preferred_instant_jdbc_type' is still incubating (see Javadoc of corresponding member of 'org.hibernate.cfg.AvailableSettings')
2026-06-22T21:59:10.552+02:00  INFO 5360 --- [Pair] [  restartedMain] org.hibernate.orm.incubating             : HHH90006001: Setting 'hibernate.type.preferred_instant_jdbc_type' is still incubating (see Javadoc of corresponding member of 'org.hibernate.cfg.AvailableSettings')
2026-06-22T21:59:10.553+02:00  INFO 5360 --- [Pair] [  restartedMain] org.hibernate.orm.incubating             : HHH90006001: Setting 'hibernate.type.preferred_instant_jdbc_type' is still incubating (see Javadoc of corresponding member of 'org.hibernate.cfg.AvailableSettings')
2026-06-22T21:59:10.795+02:00  INFO 5360 --- [Pair] [  restartedMain] org.hibernate.orm.incubating             : HHH90006001: Setting 'hibernate.type.preferred_instant_jdbc_type' is still incubating (see Javadoc of corresponding member of 'org.hibernate.cfg.AvailableSettings')
2026-06-22T21:59:12.689+02:00  INFO 5360 --- [Pair] [  restartedMain] org.hibernate.orm.core                   : HHH000489: No JTA platform available (set 'hibernate.transaction.jta.platform' to enable JTA platform integration)
2026-06-22T21:59:12.701+02:00  INFO 5360 --- [Pair] [  restartedMain] j.LocalContainerEntityManagerFactoryBean : Initialized JPA EntityManagerFactory for persistence unit 'default'
2026-06-22T21:59:12.820+02:00  INFO 5360 --- [Pair] [  restartedMain] o.s.d.j.r.query.QueryEnhancerFactories   : Hibernate is in classpath; If applicable, HQL parser will be used.
2026-06-22T21:59:15.500+02:00  WARN 5360 --- [Pair] [  restartedMain] JpaBaseConfiguration$JpaWebConfiguration : spring.jpa.open-in-view is enabled by default. Therefore, database queries may be performed during view rendering. Explicitly configure spring.jpa.open-in-view to disable this warning
2026-06-22T21:59:15.670+02:00  INFO 5360 --- [Pair] [  restartedMain] r$InitializeUserDetailsManagerConfigurer : Global AuthenticationManager configured with UserDetailsService bean with name userDetailsServiceImpl
2026-06-22T21:59:16.654+02:00  INFO 5360 --- [Pair] [  restartedMain] o.s.boot.tomcat.TomcatWebServer          : Tomcat started on port 8090 (http) with context path '/'
2026-06-22T21:59:16.662+02:00  INFO 5360 --- [Pair] [  restartedMain] org.program.pair.PairApplication         : Started PairApplication in 11.57 seconds (process running for 12.482)
2026-06-22T21:59:20.213+02:00  INFO 5360 --- [Pair] [nio-8090-exec-1] o.a.c.c.C.[Tomcat].[localhost].[/]       : Initializing Spring DispatcherServlet 'dispatcherServlet'
2026-06-22T21:59:20.213+02:00  INFO 5360 --- [Pair] [nio-8090-exec-1] o.s.web.servlet.DispatcherServlet        : Initializing Servlet 'dispatcherServlet'
2026-06-22T21:59:20.214+02:00  INFO 5360 --- [Pair] [nio-8090-exec-1] o.s.web.servlet.DispatcherServlet        : Completed initialization in 1 ms
2026-06-22T22:07:08.088+02:00  INFO 5360 --- [Pair] [   File Watcher] rtingClassPathChangeChangedEventListener : Restarting due to 120 class path changes (0 additions, 120 deletions, 0 modifications)
2026-06-22T22:07:08.103+02:00  INFO 5360 --- [Pair] [       Thread-1] o.s.boot.tomcat.GracefulShutdown         : Commencing graceful shutdown. Waiting for active requests to complete
2026-06-22T22:07:08.133+02:00  INFO 5360 --- [Pair] [tomcat-shutdown] o.s.boot.tomcat.GracefulShutdown         : Graceful shutdown complete
2026-06-22T22:07:08.147+02:00  INFO 5360 --- [Pair] [       Thread-1] j.LocalContainerEntityManagerFactoryBean : Closing JPA EntityManagerFactory for persistence unit 'default'
2026-06-22T22:07:08.157+02:00  INFO 5360 --- [Pair] [       Thread-1] com.zaxxer.hikari.HikariDataSource       : HikariPool-1 - Shutdown initiated...
2026-06-22T22:07:08.165+02:00  INFO 5360 --- [Pair] [       Thread-1] com.zaxxer.hikari.HikariDataSource       : HikariPool-1 - Shutdown completed.

  .   ____          _            __ _ _
 /\\ / ___'_ __ _ _(_)_ __  __ _ \ \ \ \
( ( )\___ | '_ | '_| | '_ \/ _` | \ \ \ \
 \\/  ___)| |_)| | | | | || (_| |  ) ) ) )
  '  |____| .__|_| |_|_| |_\__, | / / / /
 =========|_|==============|___/=/_/_/_/

 :: Spring Boot ::                (v4.1.0)

2026-06-22T22:07:08.424+02:00  INFO 5360 --- [Pair] [  restartedMain] org.program.pair.PairApplication         : Starting PairApplication using Java 21.0.1 with PID 5360 (C:\Users\paric\Downloads\core-spring-labfiles\core-spring-labfiles\Pair\target\classes started by paric in C:\Users\paric\Downloads\core-spring-labfiles\core-spring-labfiles\Pair)
2026-06-22T22:07:08.424+02:00  INFO 5360 --- [Pair] [  restartedMain] org.program.pair.PairApplication         : No active profile set, falling back to 1 default profile: "default"
2026-06-22T22:07:09.240+02:00  INFO 5360 --- [Pair] [  restartedMain] .s.d.r.c.RepositoryConfigurationDelegate : Bootstrapping Spring Data JPA repositories in DEFAULT mode.
2026-06-22T22:07:09.277+02:00  INFO 5360 --- [Pair] [  restartedMain] .s.d.r.c.RepositoryConfigurationDelegate : Finished Spring Data repository scanning in 29 ms. Found 0 JPA repository interfaces.
2026-06-22T22:07:09.694+02:00  INFO 5360 --- [Pair] [  restartedMain] o.s.boot.tomcat.TomcatWebServer          : Tomcat initialized with port 8090 (http)
2026-06-22T22:07:09.698+02:00  INFO 5360 --- [Pair] [  restartedMain] o.apache.catalina.core.StandardService   : Starting service [Tomcat]
2026-06-22T22:07:09.698+02:00  INFO 5360 --- [Pair] [  restartedMain] o.apache.catalina.core.StandardEngine    : Starting Servlet engine: [Apache Tomcat/11.0.22]
2026-06-22T22:07:09.781+02:00  INFO 5360 --- [Pair] [  restartedMain] b.w.c.s.WebApplicationContextInitializer : Root WebApplicationContext: initialization completed in 1352 ms
2026-06-22T22:07:10.035+02:00  INFO 5360 --- [Pair] [  restartedMain] org.hibernate.orm.jpa                    : HHH008540: Processing PersistenceUnitInfo [name: default]
2026-06-22T22:07:10.082+02:00  INFO 5360 --- [Pair] [  restartedMain] o.h.spatial.integration.SpatialService   : HHH80000001: Hibernate Spatial integration enabled: true
2026-06-22T22:07:10.318+02:00  INFO 5360 --- [Pair] [  restartedMain] com.zaxxer.hikari.HikariDataSource       : HikariPool-2 - Starting...
2026-06-22T22:07:10.466+02:00  INFO 5360 --- [Pair] [  restartedMain] com.zaxxer.hikari.pool.HikariPool        : HikariPool-2 - Added connection org.postgresql.jdbc.PgConnection@7f791f81
2026-06-22T22:07:10.466+02:00  INFO 5360 --- [Pair] [  restartedMain] com.zaxxer.hikari.HikariDataSource       : HikariPool-2 - Start completed.
2026-06-22T22:07:10.489+02:00  WARN 5360 --- [Pair] [  restartedMain] org.hibernate.orm.deprecation            : HHH90000025: PostgreSQLDialect does not need to be specified explicitly using 'hibernate.dialect' (remove the property setting and it will be selected by default)
2026-06-22T22:07:10.517+02:00  INFO 5360 --- [Pair] [  restartedMain] org.hibernate.orm.connections.pooling    : HHH10001005: Database info:
	Database JDBC URL [jdbc:postgresql://localhost:5432/pair_db]
	Database driver: PostgreSQL JDBC Driver
	Database dialect: PostgreSQLDialect
	Database version: 18.4
	Default catalog/schema: pair_db/public
	Autocommit mode: undefined/unknown
	Isolation level: READ_COMMITTED [default READ_COMMITTED]
	JDBC fetch size: none
	Pool: DataSourceConnectionProvider
	Minimum pool size: undefined/unknown
	Maximum pool size: undefined/unknown
2026-06-22T22:07:10.537+02:00  INFO 5360 --- [Pair] [  restartedMain] o.s.o.j.p.SpringPersistenceUnitInfo      : No LoadTimeWeaver setup: ignoring JPA class transformer
2026-06-22T22:07:10.540+02:00  INFO 5360 --- [Pair] [  restartedMain] org.hibernate.orm.incubating             : HHH90006001: Setting 'hibernate.type.preferred_instant_jdbc_type' is still incubating (see Javadoc of corresponding member of 'org.hibernate.cfg.AvailableSettings')
2026-06-22T22:07:10.540+02:00  INFO 5360 --- [Pair] [  restartedMain] org.hibernate.orm.incubating             : HHH90006001: Setting 'hibernate.type.preferred_instant_jdbc_type' is still incubating (see Javadoc of corresponding member of 'org.hibernate.cfg.AvailableSettings')
2026-06-22T22:07:10.622+02:00  INFO 5360 --- [Pair] [  restartedMain] org.hibernate.orm.core                   : HHH000489: No JTA platform available (set 'hibernate.transaction.jta.platform' to enable JTA platform integration)
2026-06-22T22:07:10.628+02:00  INFO 5360 --- [Pair] [  restartedMain] j.LocalContainerEntityManagerFactoryBean : Initialized JPA EntityManagerFactory for persistence unit 'default'
2026-06-22T22:07:10.822+02:00  WARN 5360 --- [Pair] [  restartedMain] JpaBaseConfiguration$JpaWebConfiguration : spring.jpa.open-in-view is enabled by default. Therefore, database queries may be performed during view rendering. Explicitly configure spring.jpa.open-in-view to disable this warning
2026-06-22T22:07:11.557+02:00  WARN 5360 --- [Pair] [  restartedMain] .s.a.UserDetailsServiceAutoConfiguration : 

Using generated security password: bcec3221-249d-4a57-9ec3-9fc3719c6ddf

This generated password is for development use only. Your security configuration must be updated before running your application in production.

2026-06-22T22:07:11.617+02:00  INFO 5360 --- [Pair] [  restartedMain] r$InitializeUserDetailsManagerConfigurer : Global AuthenticationManager configured with UserDetailsService bean with name inMemoryUserDetailsManager
2026-06-22T22:07:11.957+02:00  INFO 5360 --- [Pair] [  restartedMain] o.s.boot.tomcat.TomcatWebServer          : Tomcat started on port 8090 (http) with context path '/'
2026-06-22T22:07:11.967+02:00  INFO 5360 --- [Pair] [  restartedMain] org.program.pair.PairApplication         : Started PairApplication in 3.634 seconds (process running for 487.787)
2026-06-22T22:07:11.978+02:00  INFO 5360 --- [Pair] [  restartedMain] .ConditionEvaluationDeltaLoggingListener : Condition evaluation delta:


==========================
CONDITION EVALUATION DELTA
==========================


Positive matches:
-----------------

   DataJpaRepositoriesAutoConfiguration matched:
      - @ConditionalOnClass found required class 'org.springframework.data.jpa.repository.JpaRepository' (OnClassCondition)
      - @ConditionalOnBooleanProperty (spring.data.jpa.repositories.enabled=true) matched (OnPropertyCondition)
      - @ConditionalOnBean (types: javax.sql.DataSource; SearchStrategy: all) found bean 'dataSource'; @ConditionalOnMissingBean (types: org.springframework.data.jpa.repository.support.JpaRepositoryFactoryBean,org.springframework.data.jpa.repository.config.JpaRepositoryConfigExtension; SearchStrategy: all) did not find any beans (OnBeanCondition)

   ServletWebSecurityAutoConfiguration.EnableWebSecurityConfiguration matched:
      - @ConditionalOnClass found required class 'org.springframework.security.config.annotation.web.configuration.EnableWebSecurity' (OnClassCondition)
      - @ConditionalOnMissingBean (names: springSecurityFilterChain; SearchStrategy: all) did not find any beans (OnBeanCondition)

   ServletWebSecurityAutoConfiguration.SecurityFilterChainConfiguration matched:
      - AllNestedConditions 2 matched 0 did not; NestedCondition on DefaultWebSecurityCondition.Beans @ConditionalOnMissingBean (types: org.springframework.security.web.SecurityFilterChain; SearchStrategy: all) did not find any beans; NestedCondition on DefaultWebSecurityCondition.Classes @ConditionalOnClass found required classes 'org.springframework.security.web.SecurityFilterChain', 'org.springframework.security.config.annotation.web.builders.HttpSecurity' (DefaultWebSecurityCondition)

   TransactionAutoConfiguration.EnableTransactionManagementConfiguration matched:
      - @ConditionalOnBean (types: org.springframework.transaction.TransactionManager; SearchStrategy: all) found bean 'transactionManager'; @ConditionalOnMissingBean (types: org.springframework.transaction.annotation.AbstractTransactionManagementConfiguration; SearchStrategy: all) did not find any beans (OnBeanCondition)

   TransactionAutoConfiguration.EnableTransactionManagementConfiguration.CglibAutoProxyConfiguration matched:
      - @ConditionalOnBooleanProperty (spring.aop.proxy-target-class=true) matched (OnPropertyCondition)

   UserDetailsServiceAutoConfiguration matched:
      - @ConditionalOnClass found required class 'org.springframework.security.authentication.AuthenticationManager' (OnClassCondition)
      - found 'session' scope (OnWebApplicationCondition)
      - AnyNestedCondition 1 matched 2 did not; NestedCondition on MissingAlternativeUserDetailsManagerOrUserPropertiesConfigured.PasswordConfigured @ConditionalOnProperty (spring.security.user.password) did not find property 'spring.security.user.password'; NestedCondition on MissingAlternativeUserDetailsManagerOrUserPropertiesConfigured.NameConfigured @ConditionalOnProperty (spring.security.user.name) did not find property 'spring.security.user.name'; NestedCondition on MissingAlternativeUserDetailsManagerOrUserPropertiesConfigured.MissingAlternative @ConditionalOnMissingClass did not find unwanted classes 'org.springframework.security.oauth2.client.registration.ClientRegistrationRepository', 'org.springframework.security.oauth2.server.resource.introspection.OpaqueTokenIntrospector', 'org.springframework.security.saml2.provider.service.registration.RelyingPartyRegistrationRepository' (MissingAlternativeUserDetailsManagerOrUserPropertiesConfigured)
      - @ConditionalOnMissingBean (types: org.springframework.security.authentication.AuthenticationManager,org.springframework.security.authentication.AuthenticationProvider,org.springframework.security.core.userdetails.UserDetailsService,org.springframework.security.authentication.AuthenticationManagerResolver,org.springframework.security.oauth2.jwt.JwtDecoder; SearchStrategy: all) did not find any beans (OnBeanCondition)


Negative matches:
-----------------

   DataJpaRepositoriesAutoConfiguration#entityManagerFactoryBootstrapExecutorCustomizer:
      Did not match:
         - @ConditionalOnProperty (spring.data.jpa.repositories.bootstrap-mode=deferred) did not find property 'spring.data.jpa.repositories.bootstrap-mode' (OnPropertyCondition)


Exclusions:
-----------

    None


Unconditional classes:
----------------------

    None



