[INFO] Scanning for projects...
[INFO] 
[INFO] --------------------------< org.program:Pair >--------------------------
[INFO] Building Pair 0.0.1-SNAPSHOT
[INFO]   from pom.xml
[INFO] --------------------------------[ jar ]---------------------------------
[INFO] 
[INFO] --- jacoco:0.8.11:prepare-agent (default) @ Pair ---
[INFO] argLine set to -javaagent:C:\\Users\\paric\\.m2\\repository\\org\\jacoco\\org.jacoco.agent\\0.8.11\\org.jacoco.agent-0.8.11-runtime.jar=destfile=C:\\Users\\paric\\Downloads\\core-spring-labfiles\\core-spring-labfiles\\Pair\\target\\jacoco.exec
[INFO] 
[INFO] --- resources:3.5.0:resources (default-resources) @ Pair ---
[INFO] Copying 1 resource from src\main\resources to target\classes
[INFO] Copying 20 resources from src\main\resources to target\classes
[INFO] 
[INFO] --- compiler:3.15.0:compile (default-compile) @ Pair ---
[INFO] Nothing to compile - all classes are up to date.
[INFO] 
[INFO] --- resources:3.5.0:testResources (default-testResources) @ Pair ---
[INFO] Copying 2 resources from src\test\resources to target\test-classes
[INFO] 
[INFO] --- compiler:3.15.0:testCompile (default-testCompile) @ Pair ---
[INFO] Nothing to compile - all classes are up to date.
[INFO] 
[INFO] --- surefire:3.5.6:test (default-test) @ Pair ---
[INFO] Using auto detected provider org.apache.maven.surefire.junitplatform.JUnitPlatformProvider
[INFO] 
[INFO] -------------------------------------------------------
[INFO]  T E S T S
[INFO] -------------------------------------------------------
[INFO] Running org.program.pair.domain.auth.AuthServiceTest
Mockito is currently self-attaching to enable the inline-mock-maker. This will no longer work in future releases of the JDK. Please add Mockito as an agent to your build as described in Mockito's documentation: https://javadoc.io/doc/org.mockito/mockito-core/latest/org.mockito/org/mockito/Mockito.html#0.3
WARNING: A Java agent has been loaded dynamically (C:\Users\paric\.m2\repository\net\bytebuddy\byte-buddy-agent\1.18.10\byte-buddy-agent-1.18.10.jar)
WARNING: If a serviceability tool is in use, please run with -XX:+EnableDynamicAgentLoading to hide this warning
WARNING: If a serviceability tool is not in use, please run with -Djdk.instrument.traceUsage for more information
WARNING: Dynamic loading of agents will be disallowed by default in a future release
Java HotSpot(TM) 64-Bit Server VM warning: Sharing is only supported for boot loader classes because bootstrap classpath has been appended
[INFO] Tests run: 5, Failures: 0, Errors: 0, Skipped: 0, Time elapsed: 11.18 s -- in org.program.pair.domain.auth.AuthServiceTest
[INFO] Running org.program.pair.domain.badge.BadgeServiceTest
22:11:54.094 [main] INFO org.program.pair.domain.badge.BadgeService -- Evaluating badges for user 2ecbd197-3af0-45a8-bb1b-a009dd6da90a
22:11:54.115 [main] INFO org.program.pair.domain.badge.BadgeService -- Badge VERIFIED_EMAIL awarded to user 2ecbd197-3af0-45a8-bb1b-a009dd6da90a
22:11:54.145 [main] INFO org.program.pair.domain.badge.BadgeService -- Evaluating badges for user a806e8bc-70c6-4d60-999c-e62f9d5fc6ed
[INFO] Tests run: 2, Failures: 0, Errors: 0, Skipped: 0, Time elapsed: 2.628 s -- in org.program.pair.domain.badge.BadgeServiceTest
[INFO] Running org.program.pair.domain.chat.ChatServiceTest
[INFO] Tests run: 3, Failures: 0, Errors: 0, Skipped: 0, Time elapsed: 1.770 s -- in org.program.pair.domain.chat.ChatServiceTest
[INFO] Running org.program.pair.domain.program.ProgramServiceTest
[INFO] Tests run: 4, Failures: 0, Errors: 0, Skipped: 0, Time elapsed: 4.952 s -- in org.program.pair.domain.program.ProgramServiceTest
[INFO] Running org.program.pair.domain.ratelimiter.RateLimiterServiceTest
22:12:03.403 [main] INFO org.springframework.test.context.support.AnnotationConfigContextLoaderUtils -- Could not detect default configuration classes for test class [org.program.pair.domain.ratelimiter.RateLimiterServiceTest]: RateLimiterServiceTest does not declare any static, non-private, non-final, nested classes annotated with @Configuration.
22:12:05.879 [main] INFO org.springframework.boot.test.context.SpringBootTestContextBootstrapper -- Found @SpringBootConfiguration org.program.pair.PairApplication for test class org.program.pair.domain.ratelimiter.RateLimiterServiceTest
22:12:06.919 [main] INFO org.springframework.test.context.support.AnnotationConfigContextLoaderUtils -- Could not detect default configuration classes for test class [org.program.pair.domain.ratelimiter.RateLimiterServiceTest]: RateLimiterServiceTest does not declare any static, non-private, non-final, nested classes annotated with @Configuration.
22:12:06.926 [main] INFO org.springframework.boot.test.context.SpringBootTestContextBootstrapper -- Found @SpringBootConfiguration org.program.pair.PairApplication for test class org.program.pair.domain.ratelimiter.RateLimiterServiceTest
22:12:07.364 [main] INFO org.testcontainers.images.PullPolicy -- Image pull policy will be performed by: DefaultPullPolicy()
22:12:07.376 [main] INFO org.testcontainers.utility.ImageNameSubstitutor -- Image name substitution will be performed by: DefaultImageNameSubstitutor (composite of 'ConfigurationFileImageNameSubstitutor' and 'PrefixingImageNameSubstitutor')
22:12:07.434 [main] INFO org.testcontainers.DockerClientFactory -- Testcontainers version: 2.0.5
22:12:12.366 [main] INFO com.github.dockerjava.zerodep.shaded.org.apache.hc.client5.http.impl.classic.HttpRequestRetryExec -- ex-0000000001 npipe://localhost:2375 responded with status 503; request will be automatically re-executed in 1 SECONDS (exec count 2)
22:12:13.620 [main] INFO com.github.dockerjava.zerodep.shaded.org.apache.hc.client5.http.impl.classic.HttpRequestRetryExec -- ex-0000000002 npipe://localhost:2375 responded with status 503; request will be automatically re-executed in 1 SECONDS (exec count 2)
22:12:14.679 [main] INFO org.testcontainers.dockerclient.DockerMachineClientProviderStrategy -- docker-machine executable was not found on PATH ([C:\Users\paric\bin, C:\Program Files\Git\mingw64\bin, C:\Program Files\Git\usr\local\bin, C:\Program Files\Git\usr\bin, C:\Program Files\Git\usr\bin, C:\Program Files\Git\mingw64\bin, C:\Program Files\Git\usr\bin, C:\Users\paric\bin, C:\Program Files\Common Files\Oracle\Java\javapath, C:\Program Files (x86)\Common Files\Oracle\Java\java8path, C:\Program Files (x86)\Common Files\Oracle\Java\javapath, C:\Users\paric\AppData\Local\Packages\PythonSoftwareFoundation.Python.3.11_qbz5n2kfra8p0\LocalCache\local-packages\Python311\Scripts, C:\Zander\Ex_Press_5, C:\MinGW\mingw32, C:\Program Files (x86)\WinPcap\WpdPack_4_1_2\WpdPack\Lib, C:\Users\paric\Downloads\WpdPack_4_1_2\WpdPack\Lib, C:\Users\paric\Downloads\apache-maven-3.9.9-bin\apache-maven-3.9.9\bin, C:\Program Files (x86)\Git\cmd, C:\ninja, F:\flutter\bin\cache\dart-sdk\bin, C:\Program Files\nodejs, C:\Program Files\dotnet, C:\Program Files\Amazon\AWSCLIV2, C:\Program Files\Docker\Docker\resources\bin, F:\flutter\bin, C:\Users\paric\Downloads\WpdPack_4_1_2\WpdPack\Lib, C:\Users\paric\AppData\Local\Programs\Microsoft VS Code\bin, C:\Users\paric\Downloads\apache-maven-3.9.9-bin\apache-maven-3.9.9\bin, C:\Program Files\Git\usr\bin\git.exe, C:\Windows\System32, C:\Program Files\Git\cmd, C:\Windows\System32\WindowsPowerShell\v1.0, F:\flutter\bin\cache\dart-sdk\bin, C:\Users\paric\AppData\Roaming\npm, C:\Program Files\JetBrains\IntelliJ IDEA 2025.3.2\bin, C:\Users\paric\.local\bin, C:\Program Files\Git\usr\bin\vendor_perl, C:\Program Files\Git\usr\bin\core_perl, C:\Users\paric\.claude\plugins\cache\claude-plugins-official\code-review\unknown\bin, C:\Users\paric\.claude\plugins\cache\claude-plugins-official\code-simplifier\1.0.0\bin, C:\Users\paric\.claude\plugins\cache\claude-plugins-official\stripe\0.2.1\bin, C:\Users\paric\.claude\plugins\cache\claude-plugins-official\frontend-design\unknown\bin])
22:12:14.681 [main] ERROR org.testcontainers.dockerclient.DockerClientProviderStrategy -- Could not find a valid Docker environment. Please check configuration. Attempted configurations were:
	NpipeSocketClientProviderStrategy: failed with exception DockerException (Status 503: Docker Desktop is unable to start


)As no valid configuration was found, execution cannot continue.
See https://java.testcontainers.org/on_failure.html for more details.
[ERROR] Tests run: 1, Failures: 0, Errors: 1, Skipped: 0, Time elapsed: 13.59 s <<< FAILURE! -- in org.program.pair.domain.ratelimiter.RateLimiterServiceTest
[ERROR] org.program.pair.domain.ratelimiter.RateLimiterServiceTest -- Time elapsed: 13.59 s <<< ERROR!
java.lang.IllegalStateException: Could not find a valid Docker environment. Please see logs and check configuration
	at org.testcontainers.dockerclient.DockerClientProviderStrategy.lambda$getFirstValidStrategy$7(DockerClientProviderStrategy.java:274)
	at java.base/java.util.Optional.orElseThrow(Optional.java:403)
	at org.testcontainers.dockerclient.DockerClientProviderStrategy.getFirstValidStrategy(DockerClientProviderStrategy.java:265)
	at org.testcontainers.DockerClientFactory.getOrInitializeStrategy(DockerClientFactory.java:154)
	at org.testcontainers.DockerClientFactory.client(DockerClientFactory.java:196)
	at org.testcontainers.DockerClientFactory$1.getDockerClient(DockerClientFactory.java:108)
	at com.github.dockerjava.api.DockerClientDelegate.authConfig(DockerClientDelegate.java:111)
	at org.testcontainers.containers.GenericContainer.start(GenericContainer.java:316)
	at org.testcontainers.junit.jupiter.TestcontainersExtension$StoreAdapter.start(TestcontainersExtension.java:280)
	at org.testcontainers.junit.jupiter.TestcontainersExtension$StoreAdapter.access$200(TestcontainersExtension.java:267)
	at org.testcontainers.junit.jupiter.TestcontainersExtension.lambda$null$4(TestcontainersExtension.java:82)
	at java.base/java.util.concurrent.FutureTask.run(FutureTask.java:317)
	at org.testcontainers.junit.jupiter.TestcontainersExtension.lambda$startContainers$5(TestcontainersExtension.java:82)
	at java.base/java.util.ArrayList.forEach(ArrayList.java:1596)
	at org.testcontainers.junit.jupiter.TestcontainersExtension.startContainers(TestcontainersExtension.java:82)
	at org.testcontainers.junit.jupiter.TestcontainersExtension.beforeAll(TestcontainersExtension.java:56)
	at java.base/java.util.ArrayList.forEach(ArrayList.java:1596)

[INFO] Running org.program.pair.domain.recommendation.PeerRecommendationServiceTest
[INFO] Tests run: 3, Failures: 0, Errors: 0, Skipped: 0, Time elapsed: 0.226 s -- in org.program.pair.domain.recommendation.PeerRecommendationServiceTest
[INFO] Running org.program.pair.domain.review.ReviewServiceTest
22:12:15.038 [main] INFO org.program.pair.domain.review.ReviewService -- User 3fb1fd67-34c9-466d-a4dd-83eb010a9994 reviewed program dc3f0ad8-ce98-4675-b93d-20364824127c with rating 5
[INFO] Tests run: 4, Failures: 0, Errors: 0, Skipped: 0, Time elapsed: 0.087 s -- in org.program.pair.domain.review.ReviewServiceTest
[INFO] Running org.program.pair.domain.user.UserServiceTest
[INFO] Tests run: 3, Failures: 0, Errors: 0, Skipped: 0, Time elapsed: 0.120 s -- in org.program.pair.domain.user.UserServiceTest
[INFO] 
[INFO] Results:
[INFO] 
[ERROR] Errors: 
[ERROR]   RateLimiterServiceTest » IllegalState Could not find a valid Docker environment. Please see logs and check configuration
[INFO] 
[ERROR] Tests run: 25, Failures: 0, Errors: 1, Skipped: 0
[INFO] 
[INFO] ------------------------------------------------------------------------
[INFO] BUILD FAILURE
[INFO] ------------------------------------------------------------------------
[INFO] Total time:  01:06 min
[INFO] Finished at: 2026-06-30T22:12:16+02:00
[INFO] ------------------------------------------------------------------------
[ERROR] Failed to execute goal org.apache.maven.plugins:maven-surefire-plugin:3.5.6:test (default-test) on project Pair: 
[ERROR] 
[ERROR] See C:\Users\paric\Downloads\core-spring-labfiles\core-spring-labfiles\Pair\target\surefire-reports for the individual test results.
[ERROR] See dump files (if any exist) [date].dump, [date]-jvmRun[N].dump and [date].dumpstream.
[ERROR] -> [Help 1]
[ERROR] 
[ERROR] To see the full stack trace of the errors, re-run Maven with the -e switch.
[ERROR] Re-run Maven using the -X switch to enable full debug logging.
[ERROR] 
[ERROR] For more information about the errors and possible solutions, please read the following articles:
[ERROR] [Help 1] http://cwiki.apache.org/confluence/display/MAVEN/MojoFailureException
